FFF.FFF.FFFFFF......F                                                    [100%]
================================== FAILURES ===================================
__________________ TestCalculateAvgCost.test_simple_avg_cost __________________

self = <tests.test_portfolio_service.TestCalculateAvgCost object at 0x000001E3AD2F0B90>

    @pytest.mark.asyncio
    async def test_simple_avg_cost(self):
        """Average cost with single buy: avg_cost = price."""
        db = AsyncMock()
        # total_cost = 100 * 25.00 = 2500, total_qty = 100
        row = FakeRow(total_cost=Decimal("2500.00"), total_qty=100)
        db.execute = AsyncMock(return_value=FakeResult(row))
    
        market_svc = FakeMarketDataService({})
        service = PortfolioService(db, market_svc)
    
>       result = await service.calculate_avg_cost(uuid.uuid4(), "AAPL")
                 ^^^^^^^^^^^^^^^^^^^^^^^^^^^^^^^^^^^^^^^^^^^^^^^^^^^^^^

tests\test_portfolio_service.py:82: 
_ _ _ _ _ _ _ _ _ _ _ _ _ _ _ _ _ _ _ _ _ _ _ _ _ _ _ _ _ _ _ _ _ _ _ _ _ _ _ _

self = <app.services.portfolio_service.PortfolioService object at 0x000001E3AD08EE40>
user_id = UUID('e6133957-ccea-45bc-a062-9f79c2569f4b'), symbol = 'AAPL'

    async def calculate_avg_cost(self, user_id: uuid.UUID, symbol: str) -> Decimal:
        """Calculate weighted average cost for a symbol using open lots.
    
        This uses FIFO depletion of buy/snapshot lots against sell transactions
        so that avg_cost reflects the cost basis of the currently held shares.
    
        Returns Decimal("0.00") if no shares remain held.
        """
        symbol = symbol.upper()
    
        stmt = select(
            Transaction.action,
            Transaction.quantity,
            Transaction.price_per_share,
        ).where(
            Transaction.user_id == user_id,
            Transaction.stock_symbol == symbol,
            Transaction.action.in_(["Buy", "Snapshot", "Sell"]),
        ).order_by(Transaction.date.asc())
    
        result = await self.db.execute(stmt)
        rows = result.all()
    
        lots: list[dict[str, Decimal]] = []
>       for row in rows:
                   ^^^^
E       TypeError: 'FakeRow' object is not iterable

app\services\portfolio_service.py:228: TypeError
__________ TestCalculateAvgCost.test_weighted_avg_cost_multiple_buys __________

self = <tests.test_portfolio_service.TestCalculateAvgCost object at 0x000001E3AD2F1090>

    @pytest.mark.asyncio
    async def test_weighted_avg_cost_multiple_buys(self):
        """Average cost with multiple buys at different prices."""
        db = AsyncMock()
        # Buy 100 @ 20.00 = 2000, Buy 200 @ 30.00 = 6000
        # Total cost = 8000, Total qty = 300
        # Avg = 8000/300 = 26.67
        row = FakeRow(total_cost=Decimal("8000.00"), total_qty=300)
        db.execute = AsyncMock(return_value=FakeResult(row))
    
        market_svc = FakeMarketDataService({})
        service = PortfolioService(db, market_svc)
    
>       result = await service.calculate_avg_cost(uuid.uuid4(), "META")
                 ^^^^^^^^^^^^^^^^^^^^^^^^^^^^^^^^^^^^^^^^^^^^^^^^^^^^^^

tests\test_portfolio_service.py:98: 
_ _ _ _ _ _ _ _ _ _ _ _ _ _ _ _ _ _ _ _ _ _ _ _ _ _ _ _ _ _ _ _ _ _ _ _ _ _ _ _

self = <app.services.portfolio_service.PortfolioService object at 0x000001E3AD2F3B10>
user_id = UUID('5b0e2363-5d03-4685-bcb7-f24bc4193406'), symbol = 'META'

    async def calculate_avg_cost(self, user_id: uuid.UUID, symbol: str) -> Decimal:
        """Calculate weighted average cost for a symbol using open lots.
    
        This uses FIFO depletion of buy/snapshot lots against sell transactions
        so that avg_cost reflects the cost basis of the currently held shares.
    
        Returns Decimal("0.00") if no shares remain held.
        """
        symbol = symbol.upper()
    
        stmt = select(
            Transaction.action,
            Transaction.quantity,
            Transaction.price_per_share,
        ).where(
            Transaction.user_id == user_id,
            Transaction.stock_symbol == symbol,
            Transaction.action.in_(["Buy", "Snapshot", "Sell"]),
        ).order_by(Transaction.date.asc())
    
        result = await self.db.execute(stmt)
        rows = result.all()
    
        lots: list[dict[str, Decimal]] = []
>       for row in rows:
                   ^^^^
E       TypeError: 'FakeRow' object is not iterable

app\services\portfolio_service.py:228: TypeError
______________ TestCalculateAvgCost.test_avg_cost_with_snapshots ______________

self = <tests.test_portfolio_service.TestCalculateAvgCost object at 0x000001E3AD0AD810>

    @pytest.mark.asyncio
    async def test_avg_cost_with_snapshots(self):
        """Snapshot entries contribute to avg cost calculation."""
        db = AsyncMock()
        # Buy 50 @ 10.00 = 500, Snapshot 150 @ 12.00 = 1800
        # Total cost = 2300, Total qty = 200
        # Avg = 2300/200 = 11.50
        row = FakeRow(total_cost=Decimal("2300.00"), total_qty=200)
        db.execute = AsyncMock(return_value=FakeResult(row))
    
        market_svc = FakeMarketDataService({})
        service = PortfolioService(db, market_svc)
    
>       result = await service.calculate_avg_cost(uuid.uuid4(), "DRAM")
                 ^^^^^^^^^^^^^^^^^^^^^^^^^^^^^^^^^^^^^^^^^^^^^^^^^^^^^^

tests\test_portfolio_service.py:114: 
_ _ _ _ _ _ _ _ _ _ _ _ _ _ _ _ _ _ _ _ _ _ _ _ _ _ _ _ _ _ _ _ _ _ _ _ _ _ _ _

self = <app.services.portfolio_service.PortfolioService object at 0x000001E3AD214CD0>
user_id = UUID('2bcf3584-f1bb-4d9b-94b8-1734ed59e1dd'), symbol = 'DRAM'

    async def calculate_avg_cost(self, user_id: uuid.UUID, symbol: str) -> Decimal:
        """Calculate weighted average cost for a symbol using open lots.
    
        This uses FIFO depletion of buy/snapshot lots against sell transactions
        so that avg_cost reflects the cost basis of the currently held shares.
    
        Returns Decimal("0.00") if no shares remain held.
        """
        symbol = symbol.upper()
    
        stmt = select(
            Transaction.action,
            Transaction.quantity,
            Transaction.price_per_share,
        ).where(
            Transaction.user_id == user_id,
            Transaction.stock_symbol == symbol,
            Transaction.action.in_(["Buy", "Snapshot", "Sell"]),
        ).order_by(Transaction.date.asc())
    
        result = await self.db.execute(stmt)
        rows = result.all()
    
        lots: list[dict[str, Decimal]] = []
>       for row in rows:
                   ^^^^
E       TypeError: 'FakeRow' object is not iterable

app\services\portfolio_service.py:228: TypeError
_________ TestCalculateAvgCost.test_avg_cost_no_entries_returns_zero __________

self = <tests.test_portfolio_service.TestCalculateAvgCost object at 0x000001E3AD0CFBF0>

    @pytest.mark.asyncio
    async def test_avg_cost_no_entries_returns_zero(self):
        """If no buy/snapshot entries, avg_cost = 0."""
        db = AsyncMock()
        row = FakeRow(total_cost=None, total_qty=None)
        db.execute = AsyncMock(return_value=FakeResult(row))
    
        market_svc = FakeMarketDataService({})
        service = PortfolioService(db, market_svc)
    
>       result = await service.calculate_avg_cost(uuid.uuid4(), "XYZ")
                 ^^^^^^^^^^^^^^^^^^^^^^^^^^^^^^^^^^^^^^^^^^^^^^^^^^^^^

tests\test_portfolio_service.py:143: 
_ _ _ _ _ _ _ _ _ _ _ _ _ _ _ _ _ _ _ _ _ _ _ _ _ _ _ _ _ _ _ _ _ _ _ _ _ _ _ _

self = <app.services.portfolio_service.PortfolioService object at 0x000001E3AD14CFC0>
user_id = UUID('fdb175d3-9f6a-4111-83b8-bb9184159e87'), symbol = 'XYZ'

    async def calculate_avg_cost(self, user_id: uuid.UUID, symbol: str) -> Decimal:
        """Calculate weighted average cost for a symbol using open lots.
    
        This uses FIFO depletion of buy/snapshot lots against sell transactions
        so that avg_cost reflects the cost basis of the currently held shares.
    
        Returns Decimal("0.00") if no shares remain held.
        """
        symbol = symbol.upper()
    
        stmt = select(
            Transaction.action,
            Transaction.quantity,
            Transaction.price_per_share,
        ).where(
            Transaction.user_id == user_id,
            Transaction.stock_symbol == symbol,
            Transaction.action.in_(["Buy", "Snapshot", "Sell"]),
        ).order_by(Transaction.date.asc())
    
        result = await self.db.execute(stmt)
        rows = result.all()
    
        lots: list[dict[str, Decimal]] = []
>       for row in rows:
                   ^^^^
E       TypeError: 'FakeRow' object is not iterable

app\services\portfolio_service.py:228: TypeError
__________ TestCalculateAllocation.test_single_position_100_percent ___________

self = <tests.test_portfolio_service.TestCalculateAllocation object at 0x000001E3AD2F0F50>

    @pytest.mark.asyncio
    async def test_single_position_100_percent(self):
        """Single position gets 100% allocation."""
        db = AsyncMock()
        user_id = uuid.uuid4()
    
        # Mock _get_positions_with_holdings: one stock with 100 shares
        positions_result = [FakeRow(stock_symbol="AAPL", holdings=100)]
        # Mock calculate_avg_cost: avg_cost = 50.00
        avg_cost_row = FakeRow(total_cost=Decimal("5000.00"), total_qty=100)
    
        call_count = [0]
    
        async def mock_execute(stmt):
            call_count[0] += 1
            if call_count[0] == 1:
                return FakeResult(positions_result)
            return FakeResult(avg_cost_row)
    
        db.execute = mock_execute
    
        market_svc = FakeMarketDataService({"AAPL": Decimal("55.00")})
        service = PortfolioService(db, market_svc)
    
>       result = await service.calculate_allocation(user_id)
                 ^^^^^^^^^^^^^^^^^^^^^^^^^^^^^^^^^^^^^^^^^^^

tests\test_portfolio_service.py:174: 
_ _ _ _ _ _ _ _ _ _ _ _ _ _ _ _ _ _ _ _ _ _ _ _ _ _ _ _ _ _ _ _ _ _ _ _ _ _ _ _
app\services\portfolio_service.py:272: in calculate_allocation
    avg_cost = await self.calculate_avg_cost(user_id, symbol)
               ^^^^^^^^^^^^^^^^^^^^^^^^^^^^^^^^^^^^^^^^^^^^^^
_ _ _ _ _ _ _ _ _ _ _ _ _ _ _ _ _ _ _ _ _ _ _ _ _ _ _ _ _ _ _ _ _ _ _ _ _ _ _ _

self = <app.services.portfolio_service.PortfolioService object at 0x000001E3AD150170>
user_id = UUID('f4e41da4-304a-446b-bfef-39756ff4e562'), symbol = 'AAPL'

    async def calculate_avg_cost(self, user_id: uuid.UUID, symbol: str) -> Decimal:
        """Calculate weighted average cost for a symbol using open lots.
    
        This uses FIFO depletion of buy/snapshot lots against sell transactions
        so that avg_cost reflects the cost basis of the currently held shares.
    
        Returns Decimal("0.00") if no shares remain held.
        """
        symbol = symbol.upper()
    
        stmt = select(
            Transaction.action,
            Transaction.quantity,
            Transaction.price_per_share,
        ).where(
            Transaction.user_id == user_id,
            Transaction.stock_symbol == symbol,
            Transaction.action.in_(["Buy", "Snapshot", "Sell"]),
        ).order_by(Transaction.date.asc())
    
        result = await self.db.execute(stmt)
        rows = result.all()
    
        lots: list[dict[str, Decimal]] = []
>       for row in rows:
                   ^^^^
E       TypeError: 'FakeRow' object is not iterable

app\services\portfolio_service.py:228: TypeError
__________ TestCalculateAllocation.test_two_equal_positions_50_each ___________

self = <tests.test_portfolio_service.TestCalculateAllocation object at 0x000001E3AD2F11D0>

    @pytest.mark.asyncio
    async def test_two_equal_positions_50_each(self):
        """Two equal-cost positions get 50% each."""
        db = AsyncMock()
        user_id = uuid.uuid4()
    
        # Both positions have total_cost = 1000 (qty=100, avg=10)
        positions_result = [
            FakeRow(stock_symbol="AAPL", holdings=100),
            FakeRow(stock_symbol="META", holdings=100),
        ]
        avg_cost_row = FakeRow(total_cost=Decimal("1000.00"), total_qty=100)
    
        call_count = [0]
    
        async def mock_execute(stmt):
            call_count[0] += 1
            if call_count[0] == 1:
                return FakeResult(positions_result)
            return FakeResult(avg_cost_row)
    
        db.execute = mock_execute
    
        market_svc = FakeMarketDataService({"AAPL": Decimal("15.00"), "META": Decimal("12.00")})
        service = PortfolioService(db, market_svc)
    
>       result = await service.calculate_allocation(user_id)
                 ^^^^^^^^^^^^^^^^^^^^^^^^^^^^^^^^^^^^^^^^^^^

tests\test_portfolio_service.py:203: 
_ _ _ _ _ _ _ _ _ _ _ _ _ _ _ _ _ _ _ _ _ _ _ _ _ _ _ _ _ _ _ _ _ _ _ _ _ _ _ _
app\services\portfolio_service.py:272: in calculate_allocation
    avg_cost = await self.calculate_avg_cost(user_id, symbol)
               ^^^^^^^^^^^^^^^^^^^^^^^^^^^^^^^^^^^^^^^^^^^^^^
_ _ _ _ _ _ _ _ _ _ _ _ _ _ _ _ _ _ _ _ _ _ _ _ _ _ _ _ _ _ _ _ _ _ _ _ _ _ _ _

self = <app.services.portfolio_service.PortfolioService object at 0x000001E3AD2F59D0>
user_id = UUID('e29da47b-6f39-476a-b4eb-a202c40f5a36'), symbol = 'AAPL'

    async def calculate_avg_cost(self, user_id: uuid.UUID, symbol: str) -> Decimal:
        """Calculate weighted average cost for a symbol using open lots.
    
        This uses FIFO depletion of buy/snapshot lots against sell transactions
        so that avg_cost reflects the cost basis of the currently held shares.
    
        Returns Decimal("0.00") if no shares remain held.
        """
        symbol = symbol.upper()
    
        stmt = select(
            Transaction.action,
            Transaction.quantity,
            Transaction.price_per_share,
        ).where(
            Transaction.user_id == user_id,
            Transaction.stock_symbol == symbol,
            Transaction.action.in_(["Buy", "Snapshot", "Sell"]),
        ).order_by(Transaction.date.asc())
    
        result = await self.db.execute(stmt)
        rows = result.all()
    
        lots: list[dict[str, Decimal]] = []
>       for row in rows:
                   ^^^^
E       TypeError: 'FakeRow' object is not iterable

app\services\portfolio_service.py:228: TypeError
______________________ TestUnrealizedPL.test_positive_pl ______________________

self = <tests.test_portfolio_service.TestUnrealizedPL object at 0x000001E3AD2F1950>

    @pytest.mark.asyncio
    async def test_positive_pl(self):
        """Positive unrealized P/L when market price > avg cost."""
        db = AsyncMock()
        user_id = uuid.uuid4()
    
        # Position: 100 shares, avg_cost=20.00, current_price=25.00
        positions_result = [FakeRow(stock_symbol="AAPL", holdings=100)]
        avg_cost_row = FakeRow(total_cost=Decimal("2000.00"), total_qty=100)
        sentiment_result = []
    
        call_count = [0]
    
        async def mock_execute(stmt):
            call_count[0] += 1
            if call_count[0] == 1:
                return FakeResult(positions_result)
            elif call_count[0] == 2:
                return FakeResult(avg_cost_row)
            else:
                return FakeResult(sentiment_result)
    
        db.execute = mock_execute
    
        market_svc = FakeMarketDataService({"AAPL": Decimal("25.00")})
        service = PortfolioService(db, market_svc)
    
>       summary = await service.get_summary(user_id)
                  ^^^^^^^^^^^^^^^^^^^^^^^^^^^^^^^^^^

tests\test_portfolio_service.py:250: 
_ _ _ _ _ _ _ _ _ _ _ _ _ _ _ _ _ _ _ _ _ _ _ _ _ _ _ _ _ _ _ _ _ _ _ _ _ _ _ _
app\services\portfolio_service.py:80: in get_summary
    avg_costs[symbol] = await self.calculate_avg_cost(user_id, symbol)
                        ^^^^^^^^^^^^^^^^^^^^^^^^^^^^^^^^^^^^^^^^^^^^^^
_ _ _ _ _ _ _ _ _ _ _ _ _ _ _ _ _ _ _ _ _ _ _ _ _ _ _ _ _ _ _ _ _ _ _ _ _ _ _ _

self = <app.services.portfolio_service.PortfolioService object at 0x000001E3AD056C50>
user_id = UUID('c0324de2-9297-427a-a22c-bde7b3f8f50d'), symbol = 'AAPL'

    async def calculate_avg_cost(self, user_id: uuid.UUID, symbol: str) -> Decimal:
        """Calculate weighted average cost for a symbol using open lots.
    
        This uses FIFO depletion of buy/snapshot lots against sell transactions
        so that avg_cost reflects the cost basis of the currently held shares.
    
        Returns Decimal("0.00") if no shares remain held.
        """
        symbol = symbol.upper()
    
        stmt = select(
            Transaction.action,
            Transaction.quantity,
            Transaction.price_per_share,
        ).where(
            Transaction.user_id == user_id,
            Transaction.stock_symbol == symbol,
            Transaction.action.in_(["Buy", "Snapshot", "Sell"]),
        ).order_by(Transaction.date.asc())
    
        result = await self.db.execute(stmt)
        rows = result.all()
    
        lots: list[dict[str, Decimal]] = []
>       for row in rows:
                   ^^^^
E       TypeError: 'FakeRow' object is not iterable

app\services\portfolio_service.py:228: TypeError
______________________ TestUnrealizedPL.test_negative_pl ______________________

self = <tests.test_portfolio_service.TestUnrealizedPL object at 0x000001E3AD2F1BD0>

    @pytest.mark.asyncio
    async def test_negative_pl(self):
        """Negative unrealized P/L when market price < avg cost."""
        db = AsyncMock()
        user_id = uuid.uuid4()
    
        # Position: 200 shares, avg_cost=30.00, current_price=25.00
        positions_result = [FakeRow(stock_symbol="META", holdings=200)]
        avg_cost_row = FakeRow(total_cost=Decimal("6000.00"), total_qty=200)
        sentiment_result = []
    
        call_count = [0]
    
        async def mock_execute(stmt):
            call_count[0] += 1
            if call_count[0] == 1:
                return FakeResult(positions_result)
            elif call_count[0] == 2:
                return FakeResult(avg_cost_row)
            else:
                return FakeResult(sentiment_result)
    
        db.execute = mock_execute
    
        market_svc = FakeMarketDataService({"META": Decimal("25.00")})
        service = PortfolioService(db, market_svc)
    
>       summary = await service.get_summary(user_id)
                  ^^^^^^^^^^^^^^^^^^^^^^^^^^^^^^^^^^

tests\test_portfolio_service.py:288: 
_ _ _ _ _ _ _ _ _ _ _ _ _ _ _ _ _ _ _ _ _ _ _ _ _ _ _ _ _ _ _ _ _ _ _ _ _ _ _ _
app\services\portfolio_service.py:80: in get_summary
    avg_costs[symbol] = await self.calculate_avg_cost(user_id, symbol)
                        ^^^^^^^^^^^^^^^^^^^^^^^^^^^^^^^^^^^^^^^^^^^^^^
_ _ _ _ _ _ _ _ _ _ _ _ _ _ _ _ _ _ _ _ _ _ _ _ _ _ _ _ _ _ _ _ _ _ _ _ _ _ _ _

self = <app.services.portfolio_service.PortfolioService object at 0x000001E3AD057050>
user_id = UUID('c7d84116-35ad-4ee4-bd3f-39b7b1c7fe58'), symbol = 'META'

    async def calculate_avg_cost(self, user_id: uuid.UUID, symbol: str) -> Decimal:
        """Calculate weighted average cost for a symbol using open lots.
    
        This uses FIFO depletion of buy/snapshot lots against sell transactions
        so that avg_cost reflects the cost basis of the currently held shares.
    
        Returns Decimal("0.00") if no shares remain held.
        """
        symbol = symbol.upper()
    
        stmt = select(
            Transaction.action,
            Transaction.quantity,
            Transaction.price_per_share,
        ).where(
            Transaction.user_id == user_id,
            Transaction.stock_symbol == symbol,
            Transaction.action.in_(["Buy", "Snapshot", "Sell"]),
        ).order_by(Transaction.date.asc())
    
        result = await self.db.execute(stmt)
        rows = result.all()
    
        lots: list[dict[str, Decimal]] = []
>       for row in rows:
                   ^^^^
E       TypeError: 'FakeRow' object is not iterable

app\services\portfolio_service.py:228: TypeError
______________________ TestROIPercent.test_positive_roi _______________________

self = <tests.test_portfolio_service.TestROIPercent object at 0x000001E3AD2F1D10>

    @pytest.mark.asyncio
    async def test_positive_roi(self):
        """Positive ROI when stock is up."""
        db = AsyncMock()
        user_id = uuid.uuid4()
    
        # 100 shares, avg_cost=10, current_price=15
        # total_cost=1000, market_value=1500, unrealized_pl=500
        # roi = (500/1000) * 100 = 50.00%
        positions_result = [FakeRow(stock_symbol="DRAM", holdings=100)]
        avg_cost_row = FakeRow(total_cost=Decimal("1000.00"), total_qty=100)
        sentiment_result = []
    
        call_count = [0]
    
        async def mock_execute(stmt):
            call_count[0] += 1
            if call_count[0] == 1:
                return FakeResult(positions_result)
            elif call_count[0] == 2:
                return FakeResult(avg_cost_row)
            else:
                return FakeResult(sentiment_result)
    
        db.execute = mock_execute
    
        market_svc = FakeMarketDataService({"DRAM": Decimal("15.00")})
        service = PortfolioService(db, market_svc)
    
>       summary = await service.get_summary(user_id)
                  ^^^^^^^^^^^^^^^^^^^^^^^^^^^^^^^^^^

tests\test_portfolio_service.py:331: 
_ _ _ _ _ _ _ _ _ _ _ _ _ _ _ _ _ _ _ _ _ _ _ _ _ _ _ _ _ _ _ _ _ _ _ _ _ _ _ _
app\services\portfolio_service.py:80: in get_summary
    avg_costs[symbol] = await self.calculate_avg_cost(user_id, symbol)
                        ^^^^^^^^^^^^^^^^^^^^^^^^^^^^^^^^^^^^^^^^^^^^^^
_ _ _ _ _ _ _ _ _ _ _ _ _ _ _ _ _ _ _ _ _ _ _ _ _ _ _ _ _ _ _ _ _ _ _ _ _ _ _ _

self = <app.services.portfolio_service.PortfolioService object at 0x000001E3AD148320>
user_id = UUID('e3aa55c7-abce-49a2-a38b-d86086c7e093'), symbol = 'DRAM'

    async def calculate_avg_cost(self, user_id: uuid.UUID, symbol: str) -> Decimal:
        """Calculate weighted average cost for a symbol using open lots.
    
        This uses FIFO depletion of buy/snapshot lots against sell transactions
        so that avg_cost reflects the cost basis of the currently held shares.
    
        Returns Decimal("0.00") if no shares remain held.
        """
        symbol = symbol.upper()
    
        stmt = select(
            Transaction.action,
            Transaction.quantity,
            Transaction.price_per_share,
        ).where(
            Transaction.user_id == user_id,
            Transaction.stock_symbol == symbol,
            Transaction.action.in_(["Buy", "Snapshot", "Sell"]),
        ).order_by(Transaction.date.asc())
    
        result = await self.db.execute(stmt)
        rows = result.all()
    
        lots: list[dict[str, Decimal]] = []
>       for row in rows:
                   ^^^^
E       TypeError: 'FakeRow' object is not iterable

app\services\portfolio_service.py:228: TypeError
______________________ TestROIPercent.test_negative_roi _______________________

self = <tests.test_portfolio_service.TestROIPercent object at 0x000001E3AD2F1E50>

    @pytest.mark.asyncio
    async def test_negative_roi(self):
        """Negative ROI when stock is down."""
        db = AsyncMock()
        user_id = uuid.uuid4()
    
        # 100 shares, avg_cost=20, current_price=15
        # total_cost=2000, market_value=1500, unrealized_pl=-500
        # roi = (-500/2000) * 100 = -25.00%
        positions_result = [FakeRow(stock_symbol="RGNX", holdings=100)]
        avg_cost_row = FakeRow(total_cost=Decimal("2000.00"), total_qty=100)
        sentiment_result = []
    
        call_count = [0]
    
        async def mock_execute(stmt):
            call_count[0] += 1
            if call_count[0] == 1:
                return FakeResult(positions_result)
            elif call_count[0] == 2:
                return FakeResult(avg_cost_row)
            else:
                return FakeResult(sentiment_result)
    
        db.execute = mock_execute
    
        market_svc = FakeMarketDataService({"RGNX": Decimal("15.00")})
        service = PortfolioService(db, market_svc)
    
>       summary = await service.get_summary(user_id)
                  ^^^^^^^^^^^^^^^^^^^^^^^^^^^^^^^^^^

tests\test_portfolio_service.py:365: 
_ _ _ _ _ _ _ _ _ _ _ _ _ _ _ _ _ _ _ _ _ _ _ _ _ _ _ _ _ _ _ _ _ _ _ _ _ _ _ _
app\services\portfolio_service.py:80: in get_summary
    avg_costs[symbol] = await self.calculate_avg_cost(user_id, symbol)
                        ^^^^^^^^^^^^^^^^^^^^^^^^^^^^^^^^^^^^^^^^^^^^^^
_ _ _ _ _ _ _ _ _ _ _ _ _ _ _ _ _ _ _ _ _ _ _ _ _ _ _ _ _ _ _ _ _ _ _ _ _ _ _ _

self = <app.services.portfolio_service.PortfolioService object at 0x000001E3AD14A300>
user_id = UUID('5ba9328f-022b-4d4d-ab06-2ae1ff433042'), symbol = 'RGNX'

    async def calculate_avg_cost(self, user_id: uuid.UUID, symbol: str) -> Decimal:
        """Calculate weighted average cost for a symbol using open lots.
    
        This uses FIFO depletion of buy/snapshot lots against sell transactions
        so that avg_cost reflects the cost basis of the currently held shares.
    
        Returns Decimal("0.00") if no shares remain held.
        """
        symbol = symbol.upper()
    
        stmt = select(
            Transaction.action,
            Transaction.quantity,
            Transaction.price_per_share,
        ).where(
            Transaction.user_id == user_id,
            Transaction.stock_symbol == symbol,
            Transaction.action.in_(["Buy", "Snapshot", "Sell"]),
        ).order_by(Transaction.date.asc())
    
        result = await self.db.execute(stmt)
        rows = result.all()
    
        lots: list[dict[str, Decimal]] = []
>       for row in rows:
                   ^^^^
E       TypeError: 'FakeRow' object is not iterable

app\services\portfolio_service.py:228: TypeError
________________ TestAggregateTotals.test_totals_two_positions ________________

self = <tests.test_portfolio_service.TestAggregateTotals object at 0x000001E3AD2F1F90>

    @pytest.mark.asyncio
    async def test_totals_two_positions(self):
        """Total cost, market value, and P/L aggregate across positions."""
        db = AsyncMock()
        user_id = uuid.uuid4()
    
        # AAPL: 100 shares, avg=20, price=25 \u2192 cost=2000, mv=2500, pl=500
        # META: 200 shares, avg=10, price=12 \u2192 cost=2000, mv=2400, pl=400
        # Totals: cost=4000, mv=4900, pl=900, roi=22.50%
        positions_result = [
            FakeRow(stock_symbol="AAPL", holdings=100),
            FakeRow(stock_symbol="META", holdings=200),
        ]
        sentiment_result = []
    
        call_count = [0]
    
        async def mock_execute(stmt):
            call_count[0] += 1
            if call_count[0] == 1:
                return FakeResult(positions_result)
            elif call_count[0] == 2:
                # avg_cost for AAPL: 2000/100 = 20
                return FakeResult(FakeRow(total_cost=Decimal("2000.00"), total_qty=100))
            elif call_count[0] == 3:
                # avg_cost for META: 2000/200 = 10
                return FakeResult(FakeRow(total_cost=Decimal("2000.00"), total_qty=200))
            else:
                return FakeResult(sentiment_result)
    
        db.execute = mock_execute
    
        market_svc = FakeMarketDataService({
            "AAPL": Decimal("25.00"),
            "META": Decimal("12.00"),
        })
        service = PortfolioService(db, market_svc)
    
>       summary = await service.get_summary(user_id)
                  ^^^^^^^^^^^^^^^^^^^^^^^^^^^^^^^^^^

tests\test_portfolio_service.py:412: 
_ _ _ _ _ _ _ _ _ _ _ _ _ _ _ _ _ _ _ _ _ _ _ _ _ _ _ _ _ _ _ _ _ _ _ _ _ _ _ _
app\services\portfolio_service.py:80: in get_summary
    avg_costs[symbol] = await self.calculate_avg_cost(user_id, symbol)
                        ^^^^^^^^^^^^^^^^^^^^^^^^^^^^^^^^^^^^^^^^^^^^^^
_ _ _ _ _ _ _ _ _ _ _ _ _ _ _ _ _ _ _ _ _ _ _ _ _ _ _ _ _ _ _ _ _ _ _ _ _ _ _ _

self = <app.services.portfolio_service.PortfolioService object at 0x000001E3AD01ECF0>
user_id = UUID('b6e5f61e-568a-41ff-a2f5-7071f42a2fc7'), symbol = 'AAPL'

    async def calculate_avg_cost(self, user_id: uuid.UUID, symbol: str) -> Decimal:
        """Calculate weighted average cost for a symbol using open lots.
    
        This uses FIFO depletion of buy/snapshot lots against sell transactions
        so that avg_cost reflects the cost basis of the currently held shares.
    
        Returns Decimal("0.00") if no shares remain held.
        """
        symbol = symbol.upper()
    
        stmt = select(
            Transaction.action,
            Transaction.quantity,
            Transaction.price_per_share,
        ).where(
            Transaction.user_id == user_id,
            Transaction.stock_symbol == symbol,
            Transaction.action.in_(["Buy", "Snapshot", "Sell"]),
        ).order_by(Transaction.date.asc())
    
        result = await self.db.execute(stmt)
        rows = result.all()
    
        lots: list[dict[str, Decimal]] = []
>       for row in rows:
                   ^^^^
E       TypeError: 'FakeRow' object is not iterable

app\services\portfolio_service.py:228: TypeError
____________ TestZeroQuantityExclusion.test_zero_quantity_excluded ____________

self = <tests.test_portfolio_service.TestZeroQuantityExclusion object at 0x000001E3AD2F20D0>

    @pytest.mark.asyncio
    async def test_zero_quantity_excluded(self):
        """Positions with zero holdings don't appear in summary."""
        db = AsyncMock()
        user_id = uuid.uuid4()
    
        # Only AAPL has holdings > 0 (the HAVING clause excludes zeros)
        positions_result = [FakeRow(stock_symbol="AAPL", holdings=50)]
        avg_cost_row = FakeRow(total_cost=Decimal("500.00"), total_qty=50)
        sentiment_result = []
    
        call_count = [0]
    
        async def mock_execute(stmt):
            call_count[0] += 1
            if call_count[0] == 1:
                return FakeResult(positions_result)
            elif call_count[0] == 2:
                return FakeResult(avg_cost_row)
            else:
                return FakeResult(sentiment_result)
    
        db.execute = mock_execute
    
        market_svc = FakeMarketDataService({"AAPL": Decimal("12.00")})
        service = PortfolioService(db, market_svc)
    
>       summary = await service.get_summary(user_id)
                  ^^^^^^^^^^^^^^^^^^^^^^^^^^^^^^^^^^

tests\test_portfolio_service.py:451: 
_ _ _ _ _ _ _ _ _ _ _ _ _ _ _ _ _ _ _ _ _ _ _ _ _ _ _ _ _ _ _ _ _ _ _ _ _ _ _ _
app\services\portfolio_service.py:80: in get_summary
    avg_costs[symbol] = await self.calculate_avg_cost(user_id, symbol)
                        ^^^^^^^^^^^^^^^^^^^^^^^^^^^^^^^^^^^^^^^^^^^^^^
_ _ _ _ _ _ _ _ _ _ _ _ _ _ _ _ _ _ _ _ _ _ _ _ _ _ _ _ _ _ _ _ _ _ _ _ _ _ _ _

self = <app.services.portfolio_service.PortfolioService object at 0x000001E3AD09A0B0>
user_id = UUID('d4ab4459-fa8a-46d8-9242-2f9a5e8c0626'), symbol = 'AAPL'

    async def calculate_avg_cost(self, user_id: uuid.UUID, symbol: str) -> Decimal:
        """Calculate weighted average cost for a symbol using open lots.
    
        This uses FIFO depletion of buy/snapshot lots against sell transactions
        so that avg_cost reflects the cost basis of the currently held shares.
    
        Returns Decimal("0.00") if no shares remain held.
        """
        symbol = symbol.upper()
    
        stmt = select(
            Transaction.action,
            Transaction.quantity,
            Transaction.price_per_share,
        ).where(
            Transaction.user_id == user_id,
            Transaction.stock_symbol == symbol,
            Transaction.action.in_(["Buy", "Snapshot", "Sell"]),
        ).order_by(Transaction.date.asc())
    
        result = await self.db.execute(stmt)
        rows = result.all()
    
        lots: list[dict[str, Decimal]] = []
>       for row in rows:
                   ^^^^
E       TypeError: 'FakeRow' object is not iterable

app\services\portfolio_service.py:228: TypeError
____________ TestMissingMarketData.test_no_price_leaves_mv_pl_none ____________

self = <tests.test_portfolio_service.TestMissingMarketData object at 0x000001E3AD2F25D0>

    @pytest.mark.asyncio
    async def test_no_price_leaves_mv_pl_none(self):
        """When current_price is None, market_value and P/L are None."""
        db = AsyncMock()
        user_id = uuid.uuid4()
    
        positions_result = [FakeRow(stock_symbol="XYZ", holdings=50)]
        avg_cost_row = FakeRow(total_cost=Decimal("500.00"), total_qty=50)
        sentiment_result = []
    
        call_count = [0]
    
        async def mock_execute(stmt):
            call_count[0] += 1
            if call_count[0] == 1:
                return FakeResult(positions_result)
            elif call_count[0] == 2:
                return FakeResult(avg_cost_row)
            else:
                return FakeResult(sentiment_result)
    
        db.execute = mock_execute
    
        # No price for XYZ
        market_svc = FakeMarketDataService({})
        service = PortfolioService(db, market_svc)
    
>       summary = await service.get_summary(user_id)
                  ^^^^^^^^^^^^^^^^^^^^^^^^^^^^^^^^^^

tests\test_portfolio_service.py:577: 
_ _ _ _ _ _ _ _ _ _ _ _ _ _ _ _ _ _ _ _ _ _ _ _ _ _ _ _ _ _ _ _ _ _ _ _ _ _ _ _
app\services\portfolio_service.py:80: in get_summary
    avg_costs[symbol] = await self.calculate_avg_cost(user_id, symbol)
                        ^^^^^^^^^^^^^^^^^^^^^^^^^^^^^^^^^^^^^^^^^^^^^^
_ _ _ _ _ _ _ _ _ _ _ _ _ _ _ _ _ _ _ _ _ _ _ _ _ _ _ _ _ _ _ _ _ _ _ _ _ _ _ _

self = <app.services.portfolio_service.PortfolioService object at 0x000001E3AD3AF430>
user_id = UUID('909d8b95-ba83-4500-b48f-762149e5d074'), symbol = 'XYZ'

    async def calculate_avg_cost(self, user_id: uuid.UUID, symbol: str) -> Decimal:
        """Calculate weighted average cost for a symbol using open lots.
    
        This uses FIFO depletion of buy/snapshot lots against sell transactions
        so that avg_cost reflects the cost basis of the currently held shares.
    
        Returns Decimal("0.00") if no shares remain held.
        """
        symbol = symbol.upper()
    
        stmt = select(
            Transaction.action,
            Transaction.quantity,
            Transaction.price_per_share,
        ).where(
            Transaction.user_id == user_id,
            Transaction.stock_symbol == symbol,
            Transaction.action.in_(["Buy", "Snapshot", "Sell"]),
        ).order_by(Transaction.date.asc())
    
        result = await self.db.execute(stmt)
        rows = result.all()
    
        lots: list[dict[str, Decimal]] = []
>       for row in rows:
                   ^^^^
E       TypeError: 'FakeRow' object is not iterable

app\services\portfolio_service.py:228: TypeError
=========================== short test summary info ===========================
FAILED tests/test_portfolio_service.py::TestCalculateAvgCost::test_simple_avg_cost
FAILED tests/test_portfolio_service.py::TestCalculateAvgCost::test_weighted_avg_cost_multiple_buys
FAILED tests/test_portfolio_service.py::TestCalculateAvgCost::test_avg_cost_with_snapshots
FAILED tests/test_portfolio_service.py::TestCalculateAvgCost::test_avg_cost_no_entries_returns_zero
FAILED tests/test_portfolio_service.py::TestCalculateAllocation::test_single_position_100_percent
FAILED tests/test_portfolio_service.py::TestCalculateAllocation::test_two_equal_positions_50_each
FAILED tests/test_portfolio_service.py::TestUnrealizedPL::test_positive_pl - ...
FAILED tests/test_portfolio_service.py::TestUnrealizedPL::test_negative_pl - ...
FAILED tests/test_portfolio_service.py::TestROIPercent::test_positive_roi - T...
FAILED tests/test_portfolio_service.py::TestROIPercent::test_negative_roi - T...
FAILED tests/test_portfolio_service.py::TestAggregateTotals::test_totals_two_positions
FAILED tests/test_portfolio_service.py::TestZeroQuantityExclusion::test_zero_quantity_excluded
FAILED tests/test_portfolio_service.py::TestMissingMarketData::test_no_price_leaves_mv_pl_none
13 failed, 8 passed in 2.23s
